// Jest Snapshot v1, https://goo.gl/fbAQLP

exports[`AzRoller renders correctly 1`] = `
<View
  style={
    [
      {
        "position": "relative",
        "width": "100%",
      },
      undefined,
      {
        "opacity": 1,
        "zIndex": 1,
      },
    ]
  }
>
  <View
    style={
      [
        {
          "alignItems": "center",
          "borderWidth": 1,
          "flexDirection": "row",
          "height": 40,
        },
        {
          "backgroundColor": "transparent",
          "borderColor": "#6200ee",
          "opacity": 1,
        },
      ]
    }
  >
    <TextInput
      editable={true}
      onChangeText={[Function]}
      onFocus={[Function]}
      placeholder=""
      placeholderTextColor="#6200ee80"
      style={
        [
          {
            "flex": 1,
            "fontSize": 12,
            "height": "100%",
            "paddingHorizontal": 8,
            "paddingVertical": 0,
          },
          {
            "color": "#6200ee",
          },
        ]
      }
      value=""
    />
    <TouchableOpacity
      disabled={false}
      onPress={[Function]}
      style={
        {
          "borderLeftWidth": 0,
          "height": "100%",
          "justifyContent": "center",
          "paddingHorizontal": 8,
        }
      }
    >
      <Text
        style={
          [
            {
              "fontSize": 12,
            },
            {
              "color": "#6200ee",
            },
          ]
        }
      >
        ▼
      </Text>
    </TouchableOpacity>
  </View>
</View>
`;
