
[Incubating] Problems report is available at: file:///app/build/reports/problems/problems-report.html

FAILURE: Build failed with an exception.

* What went wrong:
Could not determine the dependencies of task ':SampleApp:compileDebugJavaWithJavac'.
> Several environment variables and/or system properties contain different paths to the SDK.
  Please correct and use only one way to inject the SDK location.

  ANDROID_HOME: /opt/android-sdk
  ANDROID_SDK_ROOT: /home/jules/Android/sdk

  It is recommended to use ANDROID_HOME as other methods are deprecated

* Try:
> Run with --stacktrace option to get the stack trace.
> Run with --info or --debug option to get more log output.
> Run with --scan to generate a Build Scan (Powered by Develocity).
> Get more help at https://help.gradle.org.

Deprecated Gradle features were used in this build, making it incompatible with Gradle 10.

You can use '--warning-mode all' to show the individual deprecation warnings and determine if they come from your own scripts or plugins.

For more on this, please refer to https://docs.gradle.org/9.1.0/userguide/command_line_interface.html#sec:command_line_warnings in the Gradle documentation.

BUILD FAILED in 2s
